[overnight 01:51:15] previous completed run archived to C:\Users\user\Desktop\NLP Project\Neural-Search-Engine\runs\archive\2026-06-13_0151 — starting a fresh round
[overnight 01:51:15] === overnight run started, budget 12.0h ===
[overnight 01:51:15] $ C:\ProgramData\anaconda3\python.exe scripts/sanity_checks.py



sanity checks (CPU, tiny model on real data)
==================================================
  setup: vocab 2000, params 0.21M, 32 pairs
  [PASS] init InfoNCE == ln(B): loss 3.3862 vs ln(32) = 3.4657
  [PASS] init MLM == ln(vocab): loss 7.6029 vs ln(2000) = 7.6009
  [PASS] gradient flow (contrastive): dead/invalid grads: none
  [PASS] gradient flow (MLM head): dead grads: none
  [PASS] padding invariance: max |delta_embedding| = 2.01e-07
  [PASS] tiny-overfit (32 pairs, 300 steps): final loss 0.0025, in-batch R@1 1.00
[trainer] epoch 1/2 started
[trainer] {"type": "epoch", "epoch": 0, "step": 4, "train_loss": 0.00133, "elapsed_min": 0.00158}
[trainer] epoch 2/2 started
[trainer] {"type": "epoch", "epoch": 1, "step": 8, "train_loss": 0.00051, "elapsed_min": 0.00335}
[trainer] finished: all epochs completed (0.0 min)
[trainer] resumed from ckpt_last.pt at epoch 2, step 8
  [PASS] checkpoint -> resume: params=True, counters=True, outputs=True
==================================================
RESULT: all checks passed — safe to launch training
[overnight 01:51:38] stage 'tokenizer' already complete (C:\Users\user\Desktop\NLP Project\Neural-Search-Engine\models\tokenizer_scratch\tokenizer.json) — skipping
[overnight 01:51:38] $ C:\ProgramData\anaconda3\python.exe scripts/pretrain_mlm.py --epochs 40 --time-budget-hours 6.60
[mlm] device=cuda, encoder params=18.8M, train=88,044 val=1,796 texts, 687 steps/epoch
[trainer] epoch 1/40 started
[trainer] {"type": "epoch", "epoch": 0, "step": 687, "train_loss": 7.82932, "elapsed_min": 1.53917, "val_loss": 6.61962}
[trainer] new best val_loss=6.61962 → ckpt_best.pt
[trainer] epoch 2/40 started
[trainer] {"type": "epoch", "epoch": 1, "step": 1374, "train_loss": 6.64179, "elapsed_min": 3.16646, "val_loss": 6.25302}
[trainer] new best val_loss=6.25302 → ckpt_best.pt
[trainer] epoch 3/40 started
[trainer] {"type": "epoch", "epoch": 2, "step": 2061, "train_loss": 6.23372, "elapsed_min": 4.79003, "val_loss": 5.73219}
[trainer] new best val_loss=5.73219 → ckpt_best.pt
[trainer] epoch 4/40 started
[trainer] {"type": "epoch", "epoch": 3, "step": 2748, "train_loss": 5.56354, "elapsed_min": 6.37573, "val_loss": 4.99476}
[trainer] new best val_loss=4.99476 → ckpt_best.pt
[trainer] epoch 5/40 started
[trainer] {"type": "epoch", "epoch": 4, "step": 3435, "train_loss": 5.07895, "elapsed_min": 7.90975, "val_loss": 4.94446}
[trainer] new best val_loss=4.94446 → ckpt_best.pt
[trainer] epoch 6/40 started
[trainer] {"type": "epoch", "epoch": 5, "step": 4122, "train_loss": 4.75569, "elapsed_min": 9.56202, "val_loss": 4.57473}
[trainer] new best val_loss=4.57473 → ckpt_best.pt
[trainer] epoch 7/40 started
[trainer] {"type": "epoch", "epoch": 6, "step": 4809, "train_loss": 4.55472, "elapsed_min": 11.15799, "val_loss": 4.51171}
[trainer] new best val_loss=4.51171 → ckpt_best.pt
[trainer] epoch 8/40 started
[trainer] {"type": "epoch", "epoch": 7, "step": 5496, "train_loss": 4.39807, "elapsed_min": 12.7314, "val_loss": 4.14618}
[trainer] new best val_loss=4.14618 → ckpt_best.pt
[trainer] epoch 9/40 started
[trainer] {"type": "epoch", "epoch": 8, "step": 6183, "train_loss": 4.26088, "elapsed_min": 14.25505, "val_loss": 4.17456}
[trainer] epoch 10/40 started
[trainer] {"type": "epoch", "epoch": 9, "step": 6870, "train_loss": 4.13637, "elapsed_min": 15.81889, "val_loss": 4.08574}
[trainer] new best val_loss=4.08574 → ckpt_best.pt
[trainer] epoch 11/40 started
[trainer] {"type": "epoch", "epoch": 10, "step": 7557, "train_loss": 4.04245, "elapsed_min": 17.45317, "val_loss": 3.80484}
[trainer] new best val_loss=3.80484 → ckpt_best.pt
[trainer] epoch 12/40 started
[trainer] {"type": "epoch", "epoch": 11, "step": 8244, "train_loss": 3.94882, "elapsed_min": 19.08081, "val_loss": 3.92848}
[trainer] epoch 13/40 started
[trainer] {"type": "epoch", "epoch": 12, "step": 8931, "train_loss": 3.87056, "elapsed_min": 20.682, "val_loss": 3.77787}
[trainer] new best val_loss=3.77787 → ckpt_best.pt
[trainer] epoch 14/40 started
[trainer] {"type": "epoch", "epoch": 13, "step": 9618, "train_loss": 3.81219, "elapsed_min": 22.28135, "val_loss": 3.79346}
[trainer] epoch 15/40 started
[trainer] {"type": "epoch", "epoch": 14, "step": 10305, "train_loss": 3.73687, "elapsed_min": 23.87158, "val_loss": 3.70024}
[trainer] new best val_loss=3.70024 → ckpt_best.pt
[trainer] epoch 16/40 started
[trainer] {"type": "epoch", "epoch": 15, "step": 10992, "train_loss": 3.68023, "elapsed_min": 25.38071, "val_loss": 3.80758}
[trainer] epoch 17/40 started
[trainer] {"type": "epoch", "epoch": 16, "step": 11679, "train_loss": 3.62377, "elapsed_min": 26.9396, "val_loss": 3.60744}
[trainer] new best val_loss=3.60744 → ckpt_best.pt
[trainer] epoch 18/40 started
[trainer] {"type": "epoch", "epoch": 17, "step": 12366, "train_loss": 3.56749, "elapsed_min": 28.63487, "val_loss": 3.7969}
[trainer] epoch 19/40 started
[trainer] {"type": "epoch", "epoch": 18, "step": 13053, "train_loss": 3.51829, "elapsed_min": 30.28985, "val_loss": 3.64509}
[trainer] epoch 20/40 started
[trainer] {"type": "epoch", "epoch": 19, "step": 13740, "train_loss": 3.4728, "elapsed_min": 31.90539, "val_loss": 3.57208}
[trainer] new best val_loss=3.57208 → ckpt_best.pt
[trainer] epoch 21/40 started
[trainer] {"type": "epoch", "epoch": 20, "step": 14427, "train_loss": 3.42354, "elapsed_min": 33.55552, "val_loss": 3.54037}
[trainer] new best val_loss=3.54037 → ckpt_best.pt
[trainer] epoch 22/40 started
[trainer] {"type": "epoch", "epoch": 21, "step": 15114, "train_loss": 3.38349, "elapsed_min": 35.20793, "val_loss": 3.49698}
[trainer] new best val_loss=3.49698 → ckpt_best.pt
[trainer] epoch 23/40 started
[trainer] {"type": "epoch", "epoch": 22, "step": 15801, "train_loss": 3.33424, "elapsed_min": 36.7209, "val_loss": 3.56718}
[trainer] epoch 24/40 started
[trainer] {"type": "epoch", "epoch": 23, "step": 16488, "train_loss": 3.30724, "elapsed_min": 38.22942, "val_loss": 3.44118}
[trainer] new best val_loss=3.44118 → ckpt_best.pt
[trainer] epoch 25/40 started
[trainer] {"type": "epoch", "epoch": 24, "step": 17175, "train_loss": 3.2618, "elapsed_min": 39.74081, "val_loss": 3.5267}
[trainer] epoch 26/40 started
[trainer] {"type": "epoch", "epoch": 25, "step": 17862, "train_loss": 3.23192, "elapsed_min": 41.31075, "val_loss": 3.37977}
[trainer] new best val_loss=3.37977 → ckpt_best.pt
[trainer] epoch 27/40 started
[trainer] {"type": "epoch", "epoch": 26, "step": 18549, "train_loss": 3.19729, "elapsed_min": 42.92735, "val_loss": 3.297}
[trainer] new best val_loss=3.29700 → ckpt_best.pt
[trainer] epoch 28/40 started
[trainer] {"type": "epoch", "epoch": 27, "step": 19236, "train_loss": 3.16439, "elapsed_min": 44.51027, "val_loss": 3.43233}
[trainer] epoch 29/40 started
[trainer] {"type": "epoch", "epoch": 28, "step": 19923, "train_loss": 3.15445, "elapsed_min": 46.14063, "val_loss": 3.37074}
[trainer] epoch 30/40 started
[trainer] {"type": "epoch", "epoch": 29, "step": 20610, "train_loss": 3.1241, "elapsed_min": 47.76024, "val_loss": 3.34711}
[trainer] epoch 31/40 started
[trainer] {"type": "epoch", "epoch": 30, "step": 21297, "train_loss": 3.09446, "elapsed_min": 49.39159, "val_loss": 3.21758}
[trainer] new best val_loss=3.21758 → ckpt_best.pt
[trainer] epoch 32/40 started
[trainer] {"type": "epoch", "epoch": 31, "step": 21984, "train_loss": 3.0699, "elapsed_min": 51.00429, "val_loss": 3.23349}
[trainer] epoch 33/40 started
[trainer] {"type": "epoch", "epoch": 32, "step": 22671, "train_loss": 3.06475, "elapsed_min": 52.61588, "val_loss": 3.25846}
[trainer] epoch 34/40 started
[trainer] {"type": "epoch", "epoch": 33, "step": 23358, "train_loss": 3.04349, "elapsed_min": 54.23373, "val_loss": 3.26027}
[trainer] epoch 35/40 started
[trainer] {"type": "epoch", "epoch": 34, "step": 24045, "train_loss": 3.02694, "elapsed_min": 55.79092, "val_loss": 3.29566}
[trainer] epoch 36/40 started
[trainer] {"type": "epoch", "epoch": 35, "step": 24732, "train_loss": 3.01292, "elapsed_min": 57.27778, "val_loss": 3.2337}
[trainer] epoch 37/40 started
[trainer] {"type": "epoch", "epoch": 36, "step": 25419, "train_loss": 3.0058, "elapsed_min": 58.76889, "val_loss": 3.28412}
[trainer] finished: early stop (6 epochs without val_loss improvement) (58.8 min)
[overnight 02:50:29] stage 'mlm' OK after 58.8 min
[overnight 02:50:29] $ C:\ProgramData\anaconda3\python.exe scripts/train_contrastive.py --epochs 40 --time-budget-hours 10.51
[contrastive] initialised encoder from MLM checkpoint C:\Users\user\Desktop\NLP Project\Neural-Search-Engine\runs\mlm\ckpt_best.pt
[contrastive] device=cuda, params=18.8M, 273 steps/epoch, batch=256
[trainer] epoch 1/40 started
[trainer] {"type": "epoch", "epoch": 0, "step": 273, "train_loss": 1.4223, "elapsed_min": 1.22016, "val_loss": 0.87807, "val_in_batch_acc": 0.79345, "val_r1_full": 0.311, "val_r10_full": 0.646, "val_mrr_full": 0.42222}
[trainer] new best val_r10_full=0.64600 → ckpt_best.pt
[trainer] epoch 2/40 started
[trainer] {"type": "epoch", "epoch": 1, "step": 546, "train_loss": 0.8621, "elapsed_min": 2.8122, "val_loss": 0.7599, "val_in_batch_acc": 0.82151, "val_r1_full": 0.34, "val_r10_full": 0.699, "val_mrr_full": 0.45528}
[trainer] new best val_r10_full=0.69900 → ckpt_best.pt
[trainer] epoch 3/40 started
[trainer] {"type": "epoch", "epoch": 2, "step": 819, "train_loss": 0.67131, "elapsed_min": 4.33397, "val_loss": 0.71678, "val_in_batch_acc": 0.82835, "val_r1_full": 0.361, "val_r10_full": 0.709, "val_mrr_full": 0.47478}
[trainer] new best val_r10_full=0.70900 → ckpt_best.pt
[trainer] epoch 4/40 started
[trainer] {"type": "epoch", "epoch": 3, "step": 1092, "train_loss": 0.50165, "elapsed_min": 5.82081, "val_loss": 0.71296, "val_in_batch_acc": 0.82865, "val_r1_full": 0.349, "val_r10_full": 0.72, "val_mrr_full": 0.47227}
[trainer] new best val_r10_full=0.72000 → ckpt_best.pt
[trainer] epoch 5/40 started
[trainer] {"type": "epoch", "epoch": 4, "step": 1365, "train_loss": 0.35431, "elapsed_min": 7.3004, "val_loss": 0.7313, "val_in_batch_acc": 0.82664, "val_r1_full": 0.362, "val_r10_full": 0.722, "val_mrr_full": 0.48422}
[trainer] new best val_r10_full=0.72200 → ckpt_best.pt
[trainer] epoch 6/40 started
[trainer] {"type": "epoch", "epoch": 5, "step": 1638, "train_loss": 0.23408, "elapsed_min": 8.77267, "val_loss": 0.72495, "val_in_batch_acc": 0.82798, "val_r1_full": 0.38, "val_r10_full": 0.72, "val_mrr_full": 0.49198}
[trainer] epoch 7/40 started
[trainer] {"type": "epoch", "epoch": 6, "step": 1911, "train_loss": 0.16461, "elapsed_min": 10.24043, "val_loss": 0.74873, "val_in_batch_acc": 0.82894, "val_r1_full": 0.386, "val_r10_full": 0.718, "val_mrr_full": 0.49923}
[trainer] epoch 8/40 started
[trainer] {"type": "epoch", "epoch": 7, "step": 2184, "train_loss": 0.12847, "elapsed_min": 11.72201, "val_loss": 0.7641, "val_in_batch_acc": 0.8234, "val_r1_full": 0.373, "val_r10_full": 0.725, "val_mrr_full": 0.48833}
[trainer] new best val_r10_full=0.72500 → ckpt_best.pt
[trainer] epoch 9/40 started
[trainer] {"type": "epoch", "epoch": 8, "step": 2457, "train_loss": 0.10608, "elapsed_min": 13.20719, "val_loss": 0.7861, "val_in_batch_acc": 0.82314, "val_r1_full": 0.372, "val_r10_full": 0.708, "val_mrr_full": 0.48457}
[trainer] epoch 10/40 started
[trainer] {"type": "epoch", "epoch": 9, "step": 2730, "train_loss": 0.09022, "elapsed_min": 14.68356, "val_loss": 0.80107, "val_in_batch_acc": 0.81555, "val_r1_full": 0.375, "val_r10_full": 0.708, "val_mrr_full": 0.48652}
[trainer] epoch 11/40 started
[trainer] {"type": "epoch", "epoch": 10, "step": 3003, "train_loss": 0.08047, "elapsed_min": 16.16056, "val_loss": 0.82, "val_in_batch_acc": 0.81235, "val_r1_full": 0.368, "val_r10_full": 0.713, "val_mrr_full": 0.48357}
[trainer] epoch 12/40 started
[trainer] {"type": "epoch", "epoch": 11, "step": 3276, "train_loss": 0.07086, "elapsed_min": 17.63689, "val_loss": 0.8395, "val_in_batch_acc": 0.81526, "val_r1_full": 0.38, "val_r10_full": 0.706, "val_mrr_full": 0.49356}
[trainer] epoch 13/40 started
[trainer] {"type": "epoch", "epoch": 12, "step": 3549, "train_loss": 0.06425, "elapsed_min": 19.16202, "val_loss": 0.86673, "val_in_batch_acc": 0.80585, "val_r1_full": 0.365, "val_r10_full": 0.71, "val_mrr_full": 0.4855}
[trainer] finished: early stop (5 epochs without val_r10_full improvement) (19.5 min)
[overnight 03:10:00] stage 'contrastive' OK after 19.5 min
[overnight 03:10:00] $ C:\ProgramData\anaconda3\python.exe scripts/encode_and_eval.py
[eval] loaded C:\Users\user\Desktop\NLP Project\Neural-Search-Engine\runs\contrastive\ckpt_best.pt on cuda

encoding:   0%|          | 0/74 [00:00<?, ?it/s]
encoding:   1%|▏         | 1/74 [00:00<00:23,  3.16it/s]
encoding:   3%|▎         | 2/74 [00:00<00:15,  4.60it/s]
encoding:   4%|▍         | 3/74 [00:00<00:13,  5.34it/s]
encoding:   5%|▌         | 4/74 [00:00<00:12,  5.82it/s]
encoding:   7%|▋         | 5/74 [00:00<00:11,  6.14it/s]
encoding:   8%|▊         | 6/74 [00:01<00:10,  6.33it/s]
encoding:   9%|▉         | 7/74 [00:01<00:10,  6.40it/s]
encoding:  11%|█         | 8/74 [00:01<00:10,  6.45it/s]
encoding:  12%|█▏        | 9/74 [00:01<00:10,  6.39it/s]
encoding:  14%|█▎        | 10/74 [00:01<00:10,  6.31it/s]
encoding:  15%|█▍        | 11/74 [00:01<00:09,  6.39it/s]
encoding:  16%|█▌        | 12/74 [00:01<00:09,  6.43it/s]
encoding:  18%|█▊        | 13/74 [00:02<00:09,  6.36it/s]
encoding:  19%|█▉        | 14/74 [00:02<00:09,  6.34it/s]
encoding:  20%|██        | 15/74 [00:02<00:09,  6.22it/s]
encoding:  22%|██▏       | 16/74 [00:02<00:09,  6.12it/s]
encoding:  23%|██▎       | 17/74 [00:02<00:09,  6.03it/s]
encoding:  24%|██▍       | 18/74 [00:02<00:09,  6.03it/s]
encoding:  26%|██▌       | 19/74 [00:03<00:09,  6.02it/s]
encoding:  27%|██▋       | 20/74 [00:03<00:08,  6.01it/s]
encoding:  28%|██▊       | 21/74 [00:03<00:09,  5.85it/s]
encoding:  30%|██▉       | 22/74 [00:03<00:08,  5.98it/s]
encoding:  31%|███       | 23/74 [00:03<00:08,  6.10it/s]
encoding:  32%|███▏      | 24/74 [00:03<00:08,  6.18it/s]
encoding:  34%|███▍      | 25/74 [00:04<00:07,  6.24it/s]
encoding:  35%|███▌      | 26/74 [00:04<00:07,  6.34it/s]
encoding:  36%|███▋      | 27/74 [00:04<00:07,  6.44it/s]
encoding:  38%|███▊      | 28/74 [00:04<00:07,  6.51it/s]
encoding:  39%|███▉      | 29/74 [00:04<00:06,  6.57it/s]
encoding:  41%|████      | 30/74 [00:04<00:06,  6.61it/s]
encoding:  42%|████▏     | 31/74 [00:05<00:06,  6.64it/s]
encoding:  43%|████▎     | 32/74 [00:05<00:06,  6.66it/s]
encoding:  45%|████▍     | 33/74 [00:05<00:06,  6.65it/s]
encoding:  46%|████▌     | 34/74 [00:05<00:05,  6.67it/s]
encoding:  47%|████▋     | 35/74 [00:05<00:05,  6.67it/s]
encoding:  49%|████▊     | 36/74 [00:05<00:05,  6.70it/s]
encoding:  50%|█████     | 37/74 [00:05<00:05,  6.72it/s]
encoding:  51%|█████▏    | 38/74 [00:06<00:05,  6.72it/s]
encoding:  53%|█████▎    | 39/74 [00:06<00:05,  6.72it/s]
encoding:  54%|█████▍    | 40/74 [00:06<00:05,  6.73it/s]
encoding:  55%|█████▌    | 41/74 [00:06<00:04,  6.73it/s]
encoding:  57%|█████▋    | 42/74 [00:06<00:04,  6.74it/s]
encoding:  58%|█████▊    | 43/74 [00:06<00:04,  6.74it/s]
encoding:  59%|█████▉    | 44/74 [00:06<00:04,  6.74it/s]
encoding:  61%|██████    | 45/74 [00:07<00:04,  6.72it/s]
encoding:  62%|██████▏   | 46/74 [00:07<00:04,  6.71it/s]
encoding:  64%|██████▎   | 47/74 [00:07<00:04,  6.70it/s]
encoding:  65%|██████▍   | 48/74 [00:07<00:03,  6.71it/s]
encoding:  66%|██████▌   | 49/74 [00:07<00:03,  6.69it/s]
encoding:  68%|██████▊   | 50/74 [00:07<00:03,  6.68it/s]
encoding:  69%|██████▉   | 51/74 [00:08<00:03,  6.69it/s]
encoding:  70%|███████   | 52/74 [00:08<00:03,  6.65it/s]
encoding:  72%|███████▏  | 53/74 [00:08<00:03,  6.67it/s]
encoding:  73%|███████▎  | 54/74 [00:08<00:02,  6.69it/s]
encoding:  74%|███████▍  | 55/74 [00:08<00:02,  6.71it/s]
encoding:  76%|███████▌  | 56/74 [00:08<00:02,  6.71it/s]
encoding:  77%|███████▋  | 57/74 [00:08<00:02,  6.58it/s]
encoding:  78%|███████▊  | 58/74 [00:09<00:02,  6.51it/s]
encoding:  80%|███████▉  | 59/74 [00:09<00:02,  6.57it/s]
encoding:  81%|████████  | 60/74 [00:09<00:02,  6.52it/s]
encoding:  82%|████████▏ | 61/74 [00:09<00:02,  6.28it/s]
encoding:  84%|████████▍ | 62/74 [00:09<00:01,  6.12it/s]
encoding:  85%|████████▌ | 63/74 [00:09<00:01,  5.98it/s]
encoding:  86%|████████▋ | 64/74 [00:10<00:01,  5.86it/s]
encoding:  88%|████████▊ | 65/74 [00:10<00:01,  5.92it/s]
encoding:  89%|████████▉ | 66/74 [00:10<00:01,  5.98it/s]
encoding:  91%|█████████ | 67/74 [00:10<00:01,  5.90it/s]
encoding:  92%|█████████▏| 68/74 [00:10<00:00,  6.09it/s]
encoding:  93%|█████████▎| 69/74 [00:10<00:00,  6.03it/s]
encoding:  95%|█████████▍| 70/74 [00:11<00:00,  6.13it/s]
encoding:  96%|█████████▌| 71/74 [00:11<00:00,  6.24it/s]
encoding:  97%|█████████▋| 72/74 [00:11<00:00,  6.32it/s]
encoding:  99%|█████████▊| 73/74 [00:11<00:00,  6.36it/s]
encoding: 100%|██████████| 74/74 [00:11<00:00,  6.80it/s]
encoding: 100%|██████████| 74/74 [00:11<00:00,  6.35it/s]

encoding:   0%|          | 0/4 [00:00<?, ?it/s]
encoding:  25%|██▌       | 1/4 [00:00<00:00,  6.27it/s]
encoding:  50%|█████     | 2/4 [00:00<00:00,  6.32it/s]
encoding:  75%|███████▌  | 3/4 [00:00<00:00,  6.33it/s]
encoding: 100%|██████████| 4/4 [00:00<00:00,  7.38it/s]
[eval] saved embeddings to C:\Users\user\Desktop\NLP Project\Neural-Search-Engine\models\scratch (corpus (18891, 256), jm (870, 256))
[eval] FAISS index written

encoding:   0%|          | 0/35 [00:00<?, ?it/s]
encoding:  23%|██▎       | 8/35 [00:00<00:00, 74.95it/s]
encoding:  49%|████▊     | 17/35 [00:00<00:00, 79.59it/s]
encoding:  74%|███████▍  | 26/35 [00:00<00:00, 79.80it/s]
encoding:  97%|█████████▋| 34/35 [00:00<00:00, 79.29it/s]
encoding: 100%|██████████| 35/35 [00:00<00:00, 80.67it/s]

[eval] test set: 8,761 queries vs 18,891 passages
Model                      R@1     R@5    R@10     MRR
------------------------------------------------------
TF-IDF                  0.4608  0.6767  0.7525  0.5529
BM25                    0.5046  0.6707  0.7245  0.5757
BiEncoder-scratch       0.3824  0.6270  0.7112  0.4952
[eval] written to C:\Users\user\Desktop\NLP Project\Neural-Search-Engine\evaluation\scratch_results.json

[demo] searching Jurafsky & Martin:

  Q: How does beam search decoding work?
   1. [jm_0335] (sim 0.727) Beam search is common in language model generation tasks. For tasks like MT, which we’ll return to in Chapter 13, we generally use beam widths k between 5 and 10. What do we do wit...
   2. [jm_0332] (sim 0.715) Instead, decoding in sequence generation problems generally uses a method called beam search. In beam search, instead of choosing the best token to generate at each timestep, we ke...
   3. [jm_0333] (sim 0.679) • BEAM SEARCH Figure 10.9 Beam search decoding with a beam width of k = 2. At each time step, we choose the k best hypotheses, compute the V possible extensions of each hypothesis,...

  Q: What is the difference between stemming and lemmatization?
   1. [jm_0366] (sim 0.721) Morphologically, languages are often characterized along two dimensions of variation. The ﬁrst is the number of morphemes per word, ranging from isolating languages like Vietnamese...
   2. [jm_0060] (sim 0.703) How is lemmatization done? The most sophisticated methods for lemmatization involve complete morphological parsing of the word. Morphology is the study of the way words are built u...
   3. [jm_0032] (sim 0.687) Another part of text normalization is lemmatization, the task of determining that two words have the same root, despite their surface differences. For example, the words sang, sung...

  Q: How are word embeddings learned with skip-gram?
   1. [jm_0200] (sim 0.814) Intuition of one step of gradient descent. The skip-gram model tries to shift Figure 6.14 embeddings so the target embeddings (here for apricot) are closer to (have a higher dot pr...
   2. [jm_0235] (sim 0.773) A feedforward neural language model (LM) is a feedforward network that takes as input at time t a representation of some number of previous words (wt 2, etc.) and outputs a probabi...
   3. [jm_0711] (sim 0.770) Once we have embeddings for each pole word, we create an embedding that represents each pole by taking the centroid of the embeddings of each of the seed words; recall that the cen...

  Q: What problem does attention solve in sequence to sequence models?
   1. [jm_0513] (sim 0.782) to look into. For example WaveNet uses a special kind of a gated activation funcIn practice, tion as its non-linearity, and contains residual and skip connections. predicting 8-bit...
   2. [jm_0301] (sim 0.755) A second difﬁculty with training RNNs arises from the need to backpropagate the error signal back through time. Recall from Section 9.1.2 that the hidden layer at time t contribute...
   3. [jm_0342] (sim 0.735) Finally, a fundamental issue with transformers is that the size of the input layer dictates the complexity of model. Both the time and memory requirements in a transformer grow qua...
[overnight 03:10:15] === overnight run finished ===
[overnight 03:10:15] morning checklist — push/upload these:
[overnight 03:10:15]   runs/mlm/history.json, runs/mlm/curves.png
[overnight 03:10:15]   runs/contrastive/history.json, runs/contrastive/curves.png
[overnight 03:10:15]   runs/contrastive/ckpt_best.pt   (large file: Drive or GitHub release)
[overnight 03:10:15]   models/scratch/                 (embeddings + ids)
[overnight 03:10:15]   evaluation/scratch_results.json
[overnight 03:10:15]   overnight.log
